// Jest Snapshot v1, https://goo.gl/fbAQLP

exports[`basic openapi project renders description 1`] = `
"<div class="openapi">

# basic

## Request

<div class="openapi__requests">

<div class="openapi__request__wrapper" style="--method: var(--dc-openapi-methods-post);margin-bottom: 12px">

<div class="openapi__request">

POST {.openapi__method} 
\`\`\`
http://localhost:8080/test
\`\`\`



</div>

Generated server url

</div>

</div>

## Responses

<div class="openapi__response__code__200">

## 200 OK

Base 200 response

<div class="openapi-entity">

### Body

{% cut "application/json" %}


\`\`\`json
{
    "type": "string",
    "foo": "string"
}
\`\`\`


{% endcut %}


#|||
 **Name** 
|
 **Description** 
||

||
 foo 
|
 **Type:** string 
||

||
 type 
|
 **Type:** string 
|||#

</div>

</div>

<div class="openapi__response__code__404">

## 404 Not Found

Base 200 response

<div class="openapi-entity">

### Body

{% cut "application/json" %}


\`\`\`json
{
    "type": "string",
    "bar": "string"
}
\`\`\`


{% endcut %}


#|||
 **Name** 
|
 **Description** 
||

||
 bar 
|
 **Type:** string 
||

||
 type 
|
 **Type:** string 
|||#

</div>

</div>
<!-- markdownlint-disable-file -->

</div>"
`;
