// Jest Snapshot v1, https://goo.gl/fbAQLP

exports[`length renders correct length limits 1`] = `
"<div class="openapi">

# length

## Request

<div class="openapi__request__wrapper">

<div class="openapi__request" style="--method: var(--dc-openapi-methods-post)">

POST {.openapi__method}


\`\`\`
http://localhost:8080/test
\`\`\`


</div>

</div>

Generated server url{.openapi__request__description}

## Responses

<div class="openapi__response__code__200">

## 200 OK

### Body

{% cut "application/json" %}


\`\`\`json
{
    "pet": {
        "name": "string",
        "foo": "string"
    },
    "petWithoutDescription": {
        "name": "string",
        "foo": "string"
    },
    "refToSchemaWithDescription": {
        "name": "string",
        "bar": "string"
    }
}
\`\`\`


{% endcut %}


#||| **Name** | **Type** | **Description** ||

|| pet | [Cat](#cat) | From response ||

|| petWithoutDescription | [Cat](#cat) | Cat class ||

|| refToSchemaWithDescription | [Dog](#dog) | Dog class |||#

### Cat

Cat class

#||| **Name** | **Type** | **Description** ||

|| name | string |  ||

|| foo | string | <span style="color:gray;">Min length</span>: \`3\` |||#

### Dog

Dog class

#||| **Name** | **Type** | **Description** ||

|| name | string | Pet name<br><span style="color:gray;">Max length</span>: \`100\` ||

|| bar | string | <span style="color:gray;">Min length</span>: \`1\`<br><span style="color:gray;">Max length</span>: \`99\` |||#

</div>
<!-- markdownlint-disable-file -->

</div>"
`;
